                                      1 ;--------------------------------------------------------
                                      2 ; File Created by SDCC : free open source ANSI-C Compiler
                                      3 ; Version 3.9.3 #11345 (Linux)
                                      4 ;--------------------------------------------------------
                                      5 	.module _mullong
                                      6 	.optsdcc -mstm8
                                      7 	
                                      8 ;--------------------------------------------------------
                                      9 ; Public variables in this module
                                     10 ;--------------------------------------------------------
                                     11 	.globl __mullong
                                     12 ;--------------------------------------------------------
                                     13 ; ram data
                                     14 ;--------------------------------------------------------
                                     15 	.area DATA
                                     16 ;--------------------------------------------------------
                                     17 ; ram data
                                     18 ;--------------------------------------------------------
                                     19 	.area INITIALIZED
                                     20 ;--------------------------------------------------------
                                     21 ; absolute external ram data
                                     22 ;--------------------------------------------------------
                                     23 	.area DABS (ABS)
                                     24 
                                     25 ; default segment ordering for linker
                                     26 	.area HOME
                                     27 	.area GSINIT
                                     28 	.area GSFINAL
                                     29 	.area CONST
                                     30 	.area INITIALIZER
                                     31 	.area CODE
                                     32 
                                     33 ;--------------------------------------------------------
                                     34 ; global & static initialisations
                                     35 ;--------------------------------------------------------
                                     36 	.area HOME
                                     37 	.area GSINIT
                                     38 	.area GSFINAL
                                     39 	.area GSINIT
                                     40 ;--------------------------------------------------------
                                     41 ; Home
                                     42 ;--------------------------------------------------------
                                     43 	.area HOME
                                     44 	.area HOME
                                     45 ;--------------------------------------------------------
                                     46 ; code
                                     47 ;--------------------------------------------------------
                                     48 	.area CODE
                                     49 ;	../_mullong.c: 734: _mullong (long a, long b)
                                     50 ;	-----------------------------------------
                                     51 ;	 function _mullong
                                     52 ;	-----------------------------------------
      000000                         53 __mullong:
      000000 52 10            [ 2]   54 	sub	sp, #16
                                     55 ;	../_mullong.c: 738: t.i.hi = bcast(a)->b.b0 * bcast(b)->b.b2;           // A
      000002 90 96            [ 1]   56 	ldw	y, sp
      000004 72 A9 00 05      [ 2]   57 	addw	y, #5
      000008 96               [ 1]   58 	ldw	x, sp
      000009 1C 00 14         [ 2]   59 	addw	x, #20
      00000C 1F 09            [ 2]   60 	ldw	(0x09, sp), x
      00000E E6 03            [ 1]   61 	ld	a, (0x3, x)
      000010 96               [ 1]   62 	ldw	x, sp
      000011 1C 00 18         [ 2]   63 	addw	x, #24
      000014 1F 0B            [ 2]   64 	ldw	(0x0b, sp), x
      000016 88               [ 1]   65 	push	a
      000017 E6 01            [ 1]   66 	ld	a, (0x1, x)
      000019 97               [ 1]   67 	ld	xl, a
      00001A 84               [ 1]   68 	pop	a
      00001B 42               [ 4]   69 	mul	x, a
      00001C 90 FF            [ 2]   70 	ldw	(y), x
                                     71 ;	../_mullong.c: 739: t.i.lo = bcast(a)->b.b0 * bcast(b)->b.b0;           // A
      00001E 72 A9 00 02      [ 2]   72 	addw	y, #0x0002
      000022 1E 09            [ 2]   73 	ldw	x, (0x09, sp)
      000024 E6 03            [ 1]   74 	ld	a, (0x3, x)
      000026 1E 0B            [ 2]   75 	ldw	x, (0x0b, sp)
      000028 88               [ 1]   76 	push	a
      000029 E6 03            [ 1]   77 	ld	a, (0x3, x)
      00002B 97               [ 1]   78 	ld	xl, a
      00002C 84               [ 1]   79 	pop	a
      00002D 42               [ 4]   80 	mul	x, a
      00002E 90 FF            [ 2]   81 	ldw	(y), x
                                     82 ;	../_mullong.c: 740: t.b.b3 += bcast(a)->b.b3 * bcast(b)->b.b0;          // G
      000030 7B 05            [ 1]   83 	ld	a, (0x05, sp)
      000032 6B 10            [ 1]   84 	ld	(0x10, sp), a
      000034 1E 09            [ 2]   85 	ldw	x, (0x09, sp)
      000036 F6               [ 1]   86 	ld	a, (x)
      000037 97               [ 1]   87 	ld	xl, a
      000038 16 0B            [ 2]   88 	ldw	y, (0x0b, sp)
      00003A 90 E6 03         [ 1]   89 	ld	a, (0x3, y)
      00003D 42               [ 4]   90 	mul	x, a
      00003E 9F               [ 1]   91 	ld	a, xl
      00003F 1B 10            [ 1]   92 	add	a, (0x10, sp)
      000041 6B 10            [ 1]   93 	ld	(0x10, sp), a
                                     94 ;	../_mullong.c: 741: t.b.b3 += bcast(a)->b.b2 * bcast(b)->b.b1;          // F
      000043 6B 05            [ 1]   95 	ld	(0x05, sp), a
      000045 1E 09            [ 2]   96 	ldw	x, (0x09, sp)
      000047 E6 01            [ 1]   97 	ld	a, (0x1, x)
      000049 97               [ 1]   98 	ld	xl, a
      00004A 16 0B            [ 2]   99 	ldw	y, (0x0b, sp)
      00004C 90 E6 02         [ 1]  100 	ld	a, (0x2, y)
      00004F 42               [ 4]  101 	mul	x, a
      000050 9F               [ 1]  102 	ld	a, xl
      000051 1B 10            [ 1]  103 	add	a, (0x10, sp)
      000053 6B 05            [ 1]  104 	ld	(0x05, sp), a
                                    105 ;	../_mullong.c: 742: t.i.hi += bcast(a)->b.b2 * bcast(b)->b.b0;          // E <- b lost in .lst
      000055 16 05            [ 2]  106 	ldw	y, (0x05, sp)
      000057 17 0D            [ 2]  107 	ldw	(0x0d, sp), y
      000059 1E 09            [ 2]  108 	ldw	x, (0x09, sp)
      00005B E6 01            [ 1]  109 	ld	a, (0x1, x)
      00005D 97               [ 1]  110 	ld	xl, a
      00005E 16 0B            [ 2]  111 	ldw	y, (0x0b, sp)
      000060 90 E6 03         [ 1]  112 	ld	a, (0x3, y)
      000063 42               [ 4]  113 	mul	x, a
      000064 72 FB 0D         [ 2]  114 	addw	x, (0x0d, sp)
      000067 1F 0F            [ 2]  115 	ldw	(0x0f, sp), x
      000069 1F 05            [ 2]  116 	ldw	(0x05, sp), x
                                    117 ;	../_mullong.c: 744: t.i.hi += bcast(a)->b.b1 * bcast(b)->b.b1;          // D <- b lost in .lst
      00006B 7B 06            [ 1]  118 	ld	a, (0x06, sp)
      00006D 7B 05            [ 1]  119 	ld	a, (0x05, sp)
      00006F 1E 09            [ 2]  120 	ldw	x, (0x09, sp)
      000071 E6 02            [ 1]  121 	ld	a, (0x2, x)
      000073 97               [ 1]  122 	ld	xl, a
      000074 16 0B            [ 2]  123 	ldw	y, (0x0b, sp)
      000076 90 E6 02         [ 1]  124 	ld	a, (0x2, y)
      000079 42               [ 4]  125 	mul	x, a
      00007A 72 FB 0F         [ 2]  126 	addw	x, (0x0f, sp)
      00007D 1F 05            [ 2]  127 	ldw	(0x05, sp), x
                                    128 ;	../_mullong.c: 746: bcast(a)->bi.b3 = bcast(a)->b.b1 * bcast(b)->b.b2;  // C
      00007F 16 09            [ 2]  129 	ldw	y, (0x09, sp)
      000081 1E 09            [ 2]  130 	ldw	x, (0x09, sp)
      000083 E6 02            [ 1]  131 	ld	a, (0x2, x)
      000085 1E 0B            [ 2]  132 	ldw	x, (0x0b, sp)
      000087 88               [ 1]  133 	push	a
      000088 E6 01            [ 1]  134 	ld	a, (0x1, x)
      00008A 97               [ 1]  135 	ld	xl, a
      00008B 84               [ 1]  136 	pop	a
      00008C 42               [ 4]  137 	mul	x, a
      00008D 9F               [ 1]  138 	ld	a, xl
      00008E 90 F7            [ 1]  139 	ld	(y), a
                                    140 ;	../_mullong.c: 747: bcast(a)->bi.i12 = bcast(a)->b.b1 * bcast(b)->b.b0; // C
      000090 16 09            [ 2]  141 	ldw	y, (0x09, sp)
      000092 90 5C            [ 1]  142 	incw	y
      000094 1E 09            [ 2]  143 	ldw	x, (0x09, sp)
      000096 E6 02            [ 1]  144 	ld	a, (0x2, x)
      000098 1E 0B            [ 2]  145 	ldw	x, (0x0b, sp)
      00009A 88               [ 1]  146 	push	a
      00009B E6 03            [ 1]  147 	ld	a, (0x3, x)
      00009D 97               [ 1]  148 	ld	xl, a
      00009E 84               [ 1]  149 	pop	a
      00009F 42               [ 4]  150 	mul	x, a
      0000A0 90 FF            [ 2]  151 	ldw	(y), x
                                    152 ;	../_mullong.c: 749: bcast(b)->bi.b3 = bcast(a)->b.b0 * bcast(b)->b.b3;  // B
      0000A2 16 0B            [ 2]  153 	ldw	y, (0x0b, sp)
      0000A4 1E 09            [ 2]  154 	ldw	x, (0x09, sp)
      0000A6 E6 03            [ 1]  155 	ld	a, (0x3, x)
      0000A8 1E 0B            [ 2]  156 	ldw	x, (0x0b, sp)
      0000AA 88               [ 1]  157 	push	a
      0000AB F6               [ 1]  158 	ld	a, (x)
      0000AC 97               [ 1]  159 	ld	xl, a
      0000AD 84               [ 1]  160 	pop	a
      0000AE 42               [ 4]  161 	mul	x, a
      0000AF 9F               [ 1]  162 	ld	a, xl
      0000B0 90 F7            [ 1]  163 	ld	(y), a
                                    164 ;	../_mullong.c: 750: bcast(b)->bi.i12 = bcast(a)->b.b0 * bcast(b)->b.b1; // B
      0000B2 16 0B            [ 2]  165 	ldw	y, (0x0b, sp)
      0000B4 90 5C            [ 1]  166 	incw	y
      0000B6 1E 09            [ 2]  167 	ldw	x, (0x09, sp)
      0000B8 E6 03            [ 1]  168 	ld	a, (0x3, x)
      0000BA 1E 0B            [ 2]  169 	ldw	x, (0x0b, sp)
      0000BC 88               [ 1]  170 	push	a
      0000BD E6 02            [ 1]  171 	ld	a, (0x2, x)
      0000BF 97               [ 1]  172 	ld	xl, a
      0000C0 84               [ 1]  173 	pop	a
      0000C1 42               [ 4]  174 	mul	x, a
      0000C2 90 FF            [ 2]  175 	ldw	(y), x
                                    176 ;	../_mullong.c: 752: bcast(b)->bi.b0 = 0;                                // B
      0000C4 1E 0B            [ 2]  177 	ldw	x, (0x0b, sp)
      0000C6 6F 03            [ 1]  178 	clr	(0x0003, x)
                                    179 ;	../_mullong.c: 753: bcast(a)->bi.b0 = 0;                                // C
      0000C8 1E 09            [ 2]  180 	ldw	x, (0x09, sp)
      0000CA 6F 03            [ 1]  181 	clr	(0x0003, x)
                                    182 ;	../_mullong.c: 754: t.l += a;
      0000CC 16 07            [ 2]  183 	ldw	y, (0x07, sp)
      0000CE 17 03            [ 2]  184 	ldw	(0x03, sp), y
      0000D0 16 05            [ 2]  185 	ldw	y, (0x05, sp)
      0000D2 17 01            [ 2]  186 	ldw	(0x01, sp), y
      0000D4 1E 16            [ 2]  187 	ldw	x, (0x16, sp)
      0000D6 1F 0B            [ 2]  188 	ldw	(0x0b, sp), x
      0000D8 1E 14            [ 2]  189 	ldw	x, (0x14, sp)
      0000DA 16 0B            [ 2]  190 	ldw	y, (0x0b, sp)
      0000DC 72 F9 03         [ 2]  191 	addw	y, (0x03, sp)
      0000DF 17 0F            [ 2]  192 	ldw	(0x0f, sp), y
      0000E1 9F               [ 1]  193 	ld	a, xl
      0000E2 19 02            [ 1]  194 	adc	a, (0x02, sp)
      0000E4 6B 0E            [ 1]  195 	ld	(0x0e, sp), a
      0000E6 9E               [ 1]  196 	ld	a, xh
      0000E7 19 01            [ 1]  197 	adc	a, (0x01, sp)
      0000E9 6B 0D            [ 1]  198 	ld	(0x0d, sp), a
      0000EB 1E 0F            [ 2]  199 	ldw	x, (0x0f, sp)
      0000ED 1F 07            [ 2]  200 	ldw	(0x07, sp), x
      0000EF 1E 0D            [ 2]  201 	ldw	x, (0x0d, sp)
      0000F1 1F 05            [ 2]  202 	ldw	(0x05, sp), x
                                    203 ;	../_mullong.c: 756: return t.l + b;
      0000F3 7B 08            [ 1]  204 	ld	a, (0x08, sp)
      0000F5 7B 07            [ 1]  205 	ld	a, (0x07, sp)
      0000F7 7B 06            [ 1]  206 	ld	a, (0x06, sp)
      0000F9 7B 05            [ 1]  207 	ld	a, (0x05, sp)
      0000FB 1E 1A            [ 2]  208 	ldw	x, (0x1a, sp)
      0000FD 1F 0B            [ 2]  209 	ldw	(0x0b, sp), x
      0000FF 1E 18            [ 2]  210 	ldw	x, (0x18, sp)
      000101 16 0B            [ 2]  211 	ldw	y, (0x0b, sp)
      000103 72 F9 0F         [ 2]  212 	addw	y, (0x0f, sp)
      000106 9F               [ 1]  213 	ld	a, xl
      000107 19 0E            [ 1]  214 	adc	a, (0x0e, sp)
      000109 02               [ 1]  215 	rlwa	x
      00010A 19 0D            [ 1]  216 	adc	a, (0x0d, sp)
      00010C 95               [ 1]  217 	ld	xh, a
      00010D 51               [ 1]  218 	exgw	x, y
                                    219 ;	../_mullong.c: 757: }
      00010E 5B 10            [ 2]  220 	addw	sp, #16
      000110 87               [ 5]  221 	retf
                                    222 	.area CODE
                                    223 	.area CONST
                                    224 	.area INITIALIZER
                                    225 	.area CABS (ABS)
