                                      1 ;--------------------------------------------------------
                                      2 ; File Created by SDCC : free open source ANSI-C Compiler
                                      3 ; Version 3.9.3 #11345 (Linux)
                                      4 ;--------------------------------------------------------
                                      5 	.module asincosf
                                      6 	.optsdcc -mstm8
                                      7 	
                                      8 ;--------------------------------------------------------
                                      9 ; Public variables in this module
                                     10 ;--------------------------------------------------------
                                     11 	.globl _asincosf
                                     12 	.globl _ldexpf
                                     13 	.globl _fabsf
                                     14 	.globl _sqrtf
                                     15 ;--------------------------------------------------------
                                     16 ; ram data
                                     17 ;--------------------------------------------------------
                                     18 	.area DATA
                                     19 ;--------------------------------------------------------
                                     20 ; ram data
                                     21 ;--------------------------------------------------------
                                     22 	.area INITIALIZED
                                     23 ;--------------------------------------------------------
                                     24 ; absolute external ram data
                                     25 ;--------------------------------------------------------
                                     26 	.area DABS (ABS)
                                     27 
                                     28 ; default segment ordering for linker
                                     29 	.area HOME
                                     30 	.area GSINIT
                                     31 	.area GSFINAL
                                     32 	.area CONST
                                     33 	.area INITIALIZER
                                     34 	.area CODE
                                     35 
                                     36 ;--------------------------------------------------------
                                     37 ; global & static initialisations
                                     38 ;--------------------------------------------------------
                                     39 	.area HOME
                                     40 	.area GSINIT
                                     41 	.area GSFINAL
                                     42 	.area GSINIT
                                     43 ;--------------------------------------------------------
                                     44 ; Home
                                     45 ;--------------------------------------------------------
                                     46 	.area HOME
                                     47 	.area HOME
                                     48 ;--------------------------------------------------------
                                     49 ; code
                                     50 ;--------------------------------------------------------
                                     51 	.area CODE
                                     52 ;	../asincosf.c: 47: float asincosf(float x, bool isacos)
                                     53 ;	-----------------------------------------
                                     54 ;	 function asincosf
                                     55 ;	-----------------------------------------
      000000                         56 _asincosf:
      000000 52 11            [ 2]   57 	sub	sp, #17
                                     58 ;	../asincosf.c: 51: bool quartPI = isacos;
      000002 7B 19            [ 1]   59 	ld	a, (0x19, sp)
      000004 6B 11            [ 1]   60 	ld	(0x11, sp), a
                                     61 ;	../asincosf.c: 56: y = fabsf(x);
      000006 1E 17            [ 2]   62 	ldw	x, (0x17, sp)
      000008 89               [ 2]   63 	pushw	x
      000009 1E 17            [ 2]   64 	ldw	x, (0x17, sp)
      00000B 89               [ 2]   65 	pushw	x
      00000C 8Ds00r00r00      [ 5]   66 	callf	_fabsf
      000010 5B 04            [ 2]   67 	addw	sp, #4
      000012 1F 03            [ 2]   68 	ldw	(0x03, sp), x
      000014 17 01            [ 2]   69 	ldw	(0x01, sp), y
                                     70 ;	../asincosf.c: 57: if (y < EPS)
      000016 5F               [ 1]   71 	clrw	x
      000017 89               [ 2]   72 	pushw	x
      000018 4B 80            [ 1]   73 	push	#0x80
      00001A 4B 39            [ 1]   74 	push	#0x39
      00001C 1E 07            [ 2]   75 	ldw	x, (0x07, sp)
      00001E 89               [ 2]   76 	pushw	x
      00001F 1E 07            [ 2]   77 	ldw	x, (0x07, sp)
      000021 89               [ 2]   78 	pushw	x
      000022 8Ds00r00r00      [ 5]   79 	callf	___fslt
      000026 5B 08            [ 2]   80 	addw	sp, #8
      000028 6B 10            [ 1]   81 	ld	(0x10, sp), a
      00002A 27 0C            [ 1]   82 	jreq	00107$
                                     83 ;	../asincosf.c: 59: r = y;
      00002C 16 03            [ 2]   84 	ldw	y, (0x03, sp)
      00002E 17 0F            [ 2]   85 	ldw	(0x0f, sp), y
      000030 16 01            [ 2]   86 	ldw	y, (0x01, sp)
      000032 17 0D            [ 2]   87 	ldw	(0x0d, sp), y
      000034 ACs00r01r78      [ 2]   88 	jpf	00108$
      000038                         89 00107$:
                                     90 ;	../asincosf.c: 63: if (y > 0.5)
      000038 1E 03            [ 2]   91 	ldw	x, (0x03, sp)
      00003A 89               [ 2]   92 	pushw	x
      00003B 1E 03            [ 2]   93 	ldw	x, (0x03, sp)
      00003D 89               [ 2]   94 	pushw	x
      00003E 5F               [ 1]   95 	clrw	x
      00003F 89               [ 2]   96 	pushw	x
      000040 4B 00            [ 1]   97 	push	#0x00
      000042 4B 3F            [ 1]   98 	push	#0x3f
      000044 8Ds00r00r00      [ 5]   99 	callf	___fslt
      000048 5B 08            [ 2]  100 	addw	sp, #8
      00004A 4D               [ 1]  101 	tnz	a
      00004B 27 70            [ 1]  102 	jreq	00104$
                                    103 ;	../asincosf.c: 65: quartPI = !isacos;
      00004D 7B 11            [ 1]  104 	ld	a, (0x11, sp)
      00004F A0 01            [ 1]  105 	sub	a, #0x01
      000051 4F               [ 1]  106 	clr	a
      000052 49               [ 1]  107 	rlc	a
      000053 6B 11            [ 1]  108 	ld	(0x11, sp), a
                                    109 ;	../asincosf.c: 66: if (y > 1.0)
      000055 1E 03            [ 2]  110 	ldw	x, (0x03, sp)
      000057 89               [ 2]  111 	pushw	x
      000058 1E 03            [ 2]  112 	ldw	x, (0x03, sp)
      00005A 89               [ 2]  113 	pushw	x
      00005B 5F               [ 1]  114 	clrw	x
      00005C 89               [ 2]  115 	pushw	x
      00005D 4B 80            [ 1]  116 	push	#0x80
      00005F 4B 3F            [ 1]  117 	push	#0x3f
      000061 8Ds00r00r00      [ 5]  118 	callf	___fslt
      000065 5B 08            [ 2]  119 	addw	sp, #8
      000067 4D               [ 1]  120 	tnz	a
      000068 27 0D            [ 1]  121 	jreq	00102$
                                    122 ;	../asincosf.c: 68: errno = EDOM;
      00006A AE 00 21         [ 2]  123 	ldw	x, #0x0021
      00006D CFu00u00         [ 2]  124 	ldw	_errno+0, x
                                    125 ;	../asincosf.c: 69: return 0.0;
      000070 5F               [ 1]  126 	clrw	x
      000071 90 5F            [ 1]  127 	clrw	y
      000073 ACs00r02r91      [ 2]  128 	jpf	00117$
      000077                        129 00102$:
                                    130 ;	../asincosf.c: 71: g = (0.5 - y) + 0.5;
      000077 1E 03            [ 2]  131 	ldw	x, (0x03, sp)
      000079 89               [ 2]  132 	pushw	x
      00007A 1E 03            [ 2]  133 	ldw	x, (0x03, sp)
      00007C 89               [ 2]  134 	pushw	x
      00007D 5F               [ 1]  135 	clrw	x
      00007E 89               [ 2]  136 	pushw	x
      00007F 4B 80            [ 1]  137 	push	#0x80
      000081 4B 3F            [ 1]  138 	push	#0x3f
      000083 8Ds00r00r00      [ 5]  139 	callf	___fssub
      000087 5B 08            [ 2]  140 	addw	sp, #8
                                    141 ;	../asincosf.c: 72: g = ldexpf(g, -1);
      000089 4B FF            [ 1]  142 	push	#0xff
      00008B 4B FF            [ 1]  143 	push	#0xff
      00008D 89               [ 2]  144 	pushw	x
      00008E 90 89            [ 2]  145 	pushw	y
      000090 8Ds00r00r00      [ 5]  146 	callf	_ldexpf
      000094 5B 06            [ 2]  147 	addw	sp, #6
      000096 1F 07            [ 2]  148 	ldw	(0x07, sp), x
      000098 17 05            [ 2]  149 	ldw	(0x05, sp), y
                                    150 ;	../asincosf.c: 73: y = sqrtf(g);
      00009A 1E 07            [ 2]  151 	ldw	x, (0x07, sp)
      00009C 89               [ 2]  152 	pushw	x
      00009D 1E 07            [ 2]  153 	ldw	x, (0x07, sp)
      00009F 89               [ 2]  154 	pushw	x
      0000A0 8Ds00r00r00      [ 5]  155 	callf	_sqrtf
      0000A4 5B 04            [ 2]  156 	addw	sp, #4
                                    157 ;	../asincosf.c: 74: y = -(y + y);
      0000A6 89               [ 2]  158 	pushw	x
      0000A7 90 89            [ 2]  159 	pushw	y
      0000A9 89               [ 2]  160 	pushw	x
      0000AA 90 89            [ 2]  161 	pushw	y
      0000AC 8Ds00r00r00      [ 5]  162 	callf	___fsadd
      0000B0 5B 08            [ 2]  163 	addw	sp, #8
      0000B2 90 58            [ 2]  164 	sllw	y
      0000B4 8C               [ 1]  165 	ccf
      0000B5 90 56            [ 2]  166 	rrcw	y
      0000B7 1F 03            [ 2]  167 	ldw	(0x03, sp), x
      0000B9 17 01            [ 2]  168 	ldw	(0x01, sp), y
      0000BB 20 16            [ 2]  169 	jra	00105$
      0000BD                        170 00104$:
                                    171 ;	../asincosf.c: 78: g = y * y;
      0000BD 1E 03            [ 2]  172 	ldw	x, (0x03, sp)
      0000BF 89               [ 2]  173 	pushw	x
      0000C0 1E 03            [ 2]  174 	ldw	x, (0x03, sp)
      0000C2 89               [ 2]  175 	pushw	x
      0000C3 1E 07            [ 2]  176 	ldw	x, (0x07, sp)
      0000C5 89               [ 2]  177 	pushw	x
      0000C6 1E 07            [ 2]  178 	ldw	x, (0x07, sp)
      0000C8 89               [ 2]  179 	pushw	x
      0000C9 8Ds00r00r00      [ 5]  180 	callf	___fsmul
      0000CD 5B 08            [ 2]  181 	addw	sp, #8
      0000CF 1F 07            [ 2]  182 	ldw	(0x07, sp), x
      0000D1 17 05            [ 2]  183 	ldw	(0x05, sp), y
      0000D3                        184 00105$:
                                    185 ;	../asincosf.c: 80: r = y + y * ((P(g) * g) / Q(g));
      0000D3 1E 07            [ 2]  186 	ldw	x, (0x07, sp)
      0000D5 89               [ 2]  187 	pushw	x
      0000D6 1E 07            [ 2]  188 	ldw	x, (0x07, sp)
      0000D8 89               [ 2]  189 	pushw	x
      0000D9 4B 65            [ 1]  190 	push	#0x65
      0000DB 4B 20            [ 1]  191 	push	#0x20
      0000DD 4B 01            [ 1]  192 	push	#0x01
      0000DF 4B BF            [ 1]  193 	push	#0xbf
      0000E1 8Ds00r00r00      [ 5]  194 	callf	___fsmul
      0000E5 5B 08            [ 2]  195 	addw	sp, #8
      0000E7 4B 6B            [ 1]  196 	push	#0x6b
      0000E9 4B 16            [ 1]  197 	push	#0x16
      0000EB 4B 6F            [ 1]  198 	push	#0x6f
      0000ED 4B 3F            [ 1]  199 	push	#0x3f
      0000EF 89               [ 2]  200 	pushw	x
      0000F0 90 89            [ 2]  201 	pushw	y
      0000F2 8Ds00r00r00      [ 5]  202 	callf	___fsadd
      0000F6 5B 08            [ 2]  203 	addw	sp, #8
      0000F8 1F 0F            [ 2]  204 	ldw	(0x0f, sp), x
      0000FA 1E 07            [ 2]  205 	ldw	x, (0x07, sp)
      0000FC 89               [ 2]  206 	pushw	x
      0000FD 1E 07            [ 2]  207 	ldw	x, (0x07, sp)
      0000FF 89               [ 2]  208 	pushw	x
      000100 1E 13            [ 2]  209 	ldw	x, (0x13, sp)
      000102 89               [ 2]  210 	pushw	x
      000103 90 89            [ 2]  211 	pushw	y
      000105 8Ds00r00r00      [ 5]  212 	callf	___fsmul
      000109 5B 08            [ 2]  213 	addw	sp, #8
      00010B 1F 0B            [ 2]  214 	ldw	(0x0b, sp), x
      00010D 17 09            [ 2]  215 	ldw	(0x09, sp), y
      00010F 4B 0B            [ 1]  216 	push	#0x0b
      000111 4B 8D            [ 1]  217 	push	#0x8d
      000113 4B B1            [ 1]  218 	push	#0xb1
      000115 4B C0            [ 1]  219 	push	#0xc0
      000117 1E 0B            [ 2]  220 	ldw	x, (0x0b, sp)
      000119 89               [ 2]  221 	pushw	x
      00011A 1E 0B            [ 2]  222 	ldw	x, (0x0b, sp)
      00011C 89               [ 2]  223 	pushw	x
      00011D 8Ds00r00r00      [ 5]  224 	callf	___fsadd
      000121 5B 08            [ 2]  225 	addw	sp, #8
      000123 1F 0F            [ 2]  226 	ldw	(0x0f, sp), x
      000125 1E 07            [ 2]  227 	ldw	x, (0x07, sp)
      000127 89               [ 2]  228 	pushw	x
      000128 1E 07            [ 2]  229 	ldw	x, (0x07, sp)
      00012A 89               [ 2]  230 	pushw	x
      00012B 1E 13            [ 2]  231 	ldw	x, (0x13, sp)
      00012D 89               [ 2]  232 	pushw	x
      00012E 90 89            [ 2]  233 	pushw	y
      000130 8Ds00r00r00      [ 5]  234 	callf	___fsmul
      000134 5B 08            [ 2]  235 	addw	sp, #8
      000136 4B F0            [ 1]  236 	push	#0xf0
      000138 4B 50            [ 1]  237 	push	#0x50
      00013A 4B B3            [ 1]  238 	push	#0xb3
      00013C 4B 40            [ 1]  239 	push	#0x40
      00013E 89               [ 2]  240 	pushw	x
      00013F 90 89            [ 2]  241 	pushw	y
      000141 8Ds00r00r00      [ 5]  242 	callf	___fsadd
      000145 5B 08            [ 2]  243 	addw	sp, #8
      000147 89               [ 2]  244 	pushw	x
      000148 90 89            [ 2]  245 	pushw	y
      00014A 1E 0F            [ 2]  246 	ldw	x, (0x0f, sp)
      00014C 89               [ 2]  247 	pushw	x
      00014D 1E 0F            [ 2]  248 	ldw	x, (0x0f, sp)
      00014F 89               [ 2]  249 	pushw	x
      000150 8Ds00r00r00      [ 5]  250 	callf	___fsdiv
      000154 5B 08            [ 2]  251 	addw	sp, #8
      000156 89               [ 2]  252 	pushw	x
      000157 90 89            [ 2]  253 	pushw	y
      000159 1E 07            [ 2]  254 	ldw	x, (0x07, sp)
      00015B 89               [ 2]  255 	pushw	x
      00015C 1E 07            [ 2]  256 	ldw	x, (0x07, sp)
      00015E 89               [ 2]  257 	pushw	x
      00015F 8Ds00r00r00      [ 5]  258 	callf	___fsmul
      000163 5B 08            [ 2]  259 	addw	sp, #8
      000165 89               [ 2]  260 	pushw	x
      000166 90 89            [ 2]  261 	pushw	y
      000168 1E 07            [ 2]  262 	ldw	x, (0x07, sp)
      00016A 89               [ 2]  263 	pushw	x
      00016B 1E 07            [ 2]  264 	ldw	x, (0x07, sp)
      00016D 89               [ 2]  265 	pushw	x
      00016E 8Ds00r00r00      [ 5]  266 	callf	___fsadd
      000172 5B 08            [ 2]  267 	addw	sp, #8
      000174 1F 0F            [ 2]  268 	ldw	(0x0f, sp), x
      000176 17 0D            [ 2]  269 	ldw	(0x0d, sp), y
      000178                        270 00108$:
                                    271 ;	../asincosf.c: 82: i = quartPI;
      000178 7B 11            [ 1]  272 	ld	a, (0x11, sp)
                                    273 ;	../asincosf.c: 85: if (x < 0.0)
      00017A 88               [ 1]  274 	push	a
      00017B 5F               [ 1]  275 	clrw	x
      00017C 89               [ 2]  276 	pushw	x
      00017D 5F               [ 1]  277 	clrw	x
      00017E 89               [ 2]  278 	pushw	x
      00017F 1E 1C            [ 2]  279 	ldw	x, (0x1c, sp)
      000181 89               [ 2]  280 	pushw	x
      000182 1E 1C            [ 2]  281 	ldw	x, (0x1c, sp)
      000184 89               [ 2]  282 	pushw	x
                                    283 ;	../asincosf.c: 86: r = (b[i] + r) + b[i];
      000185 8Ds00r00r00      [ 5]  284 	callf	___fslt
      000189 5B 08            [ 2]  285 	addw	sp, #8
      00018B 6B 12            [ 1]  286 	ld	(0x12, sp), a
      00018D 84               [ 1]  287 	pop	a
      00018E 41               [ 1]  288 	exg	a, xl
      00018F A6 04            [ 1]  289 	ld	a, #0x04
      000191 41               [ 1]  290 	exg	a, xl
      000192 42               [ 4]  291 	mul	x, a
      000193 1F 0B            [ 2]  292 	ldw	(0x0b, sp), x
                                    293 ;	../asincosf.c: 83: if (isacos)
      000195 0D 19            [ 1]  294 	tnz	(0x19, sp)
      000197 26 04            [ 1]  295 	jrne	00152$
      000199 ACs00r02r2F      [ 2]  296 	jpf	00115$
      00019D                        297 00152$:
                                    298 ;	../asincosf.c: 85: if (x < 0.0)
      00019D 0D 11            [ 1]  299 	tnz	(0x11, sp)
      00019F 27 48            [ 1]  300 	jreq	00110$
                                    301 ;	../asincosf.c: 86: r = (b[i] + r) + b[i];
      0001A1 1E 0B            [ 2]  302 	ldw	x, (0x0b, sp)
      0001A3 1Cr00r08         [ 2]  303 	addw	x, #(_asincosf_b_65536_26 + 0)
      0001A6 4F               [ 1]  304 	clr	a
      0001A7 A9s00            [ 1]  305 	adc	a, #((_asincosf_b_65536_26 + 0) >> 16)
      0001A9 90 93            [ 1]  306 	ldw	y, x
      0001AB 90 EE 02         [ 2]  307 	ldw	y, (0x2, y)
      0001AE 17 0B            [ 2]  308 	ldw	(0x0b, sp), y
      0001B0 FE               [ 2]  309 	ldw	x, (x)
      0001B1 1F 09            [ 2]  310 	ldw	(0x09, sp), x
      0001B3 90 89            [ 2]  311 	pushw	y
      0001B5 1E 11            [ 2]  312 	ldw	x, (0x11, sp)
      0001B7 89               [ 2]  313 	pushw	x
      0001B8 1E 11            [ 2]  314 	ldw	x, (0x11, sp)
      0001BA 89               [ 2]  315 	pushw	x
      0001BB 1E 11            [ 2]  316 	ldw	x, (0x11, sp)
      0001BD 89               [ 2]  317 	pushw	x
      0001BE 1E 11            [ 2]  318 	ldw	x, (0x11, sp)
      0001C0 89               [ 2]  319 	pushw	x
      0001C1 8Ds00r00r00      [ 5]  320 	callf	___fsadd
      0001C5 5B 08            [ 2]  321 	addw	sp, #8
      0001C7 1F 12            [ 2]  322 	ldw	(0x12, sp), x
      0001C9 17 10            [ 2]  323 	ldw	(0x10, sp), y
      0001CB 90 85            [ 2]  324 	popw	y
      0001CD 16 0B            [ 2]  325 	ldw	y, (0x0b, sp)
      0001CF 90 89            [ 2]  326 	pushw	y
      0001D1 16 0B            [ 2]  327 	ldw	y, (0x0b, sp)
      0001D3 90 89            [ 2]  328 	pushw	y
      0001D5 1E 14            [ 2]  329 	ldw	x, (0x14, sp)
      0001D7 89               [ 2]  330 	pushw	x
      0001D8 1E 14            [ 2]  331 	ldw	x, (0x14, sp)
      0001DA 89               [ 2]  332 	pushw	x
      0001DB 8Ds00r00r00      [ 5]  333 	callf	___fsadd
      0001DF 5B 08            [ 2]  334 	addw	sp, #8
      0001E1 1F 0F            [ 2]  335 	ldw	(0x0f, sp), x
      0001E3 17 0D            [ 2]  336 	ldw	(0x0d, sp), y
      0001E5 ACs00r02r8D      [ 2]  337 	jpf	00116$
      0001E9                        338 00110$:
                                    339 ;	../asincosf.c: 88: r = (a[i] - r) + a[i];
      0001E9 1E 0B            [ 2]  340 	ldw	x, (0x0b, sp)
      0001EB 1Cr00r00         [ 2]  341 	addw	x, #(_asincosf_a_65536_26 + 0)
      0001EE 4F               [ 1]  342 	clr	a
      0001EF A9s00            [ 1]  343 	adc	a, #((_asincosf_a_65536_26 + 0) >> 16)
      0001F1 90 93            [ 1]  344 	ldw	y, x
      0001F3 90 EE 02         [ 2]  345 	ldw	y, (0x2, y)
      0001F6 17 0B            [ 2]  346 	ldw	(0x0b, sp), y
      0001F8 FE               [ 2]  347 	ldw	x, (x)
      0001F9 1F 09            [ 2]  348 	ldw	(0x09, sp), x
      0001FB 90 89            [ 2]  349 	pushw	y
      0001FD 1E 11            [ 2]  350 	ldw	x, (0x11, sp)
      0001FF 89               [ 2]  351 	pushw	x
      000200 1E 11            [ 2]  352 	ldw	x, (0x11, sp)
      000202 89               [ 2]  353 	pushw	x
      000203 1E 11            [ 2]  354 	ldw	x, (0x11, sp)
      000205 89               [ 2]  355 	pushw	x
      000206 1E 11            [ 2]  356 	ldw	x, (0x11, sp)
      000208 89               [ 2]  357 	pushw	x
      000209 8Ds00r00r00      [ 5]  358 	callf	___fssub
      00020D 5B 08            [ 2]  359 	addw	sp, #8
      00020F 1F 12            [ 2]  360 	ldw	(0x12, sp), x
      000211 17 10            [ 2]  361 	ldw	(0x10, sp), y
      000213 90 85            [ 2]  362 	popw	y
      000215 16 0B            [ 2]  363 	ldw	y, (0x0b, sp)
      000217 90 89            [ 2]  364 	pushw	y
      000219 16 0B            [ 2]  365 	ldw	y, (0x0b, sp)
      00021B 90 89            [ 2]  366 	pushw	y
      00021D 1E 14            [ 2]  367 	ldw	x, (0x14, sp)
      00021F 89               [ 2]  368 	pushw	x
      000220 1E 14            [ 2]  369 	ldw	x, (0x14, sp)
      000222 89               [ 2]  370 	pushw	x
      000223 8Ds00r00r00      [ 5]  371 	callf	___fsadd
      000227 5B 08            [ 2]  372 	addw	sp, #8
      000229 1F 0F            [ 2]  373 	ldw	(0x0f, sp), x
      00022B 17 0D            [ 2]  374 	ldw	(0x0d, sp), y
      00022D 20 5E            [ 2]  375 	jra	00116$
      00022F                        376 00115$:
                                    377 ;	../asincosf.c: 92: r = (a[i] + r) + a[i];
      00022F 1E 0B            [ 2]  378 	ldw	x, (0x0b, sp)
      000231 1Cr00r00         [ 2]  379 	addw	x, #(_asincosf_a_65536_26 + 0)
      000234 4F               [ 1]  380 	clr	a
      000235 A9s00            [ 1]  381 	adc	a, #((_asincosf_a_65536_26 + 0) >> 16)
      000237 90 93            [ 1]  382 	ldw	y, x
      000239 90 EE 02         [ 2]  383 	ldw	y, (0x2, y)
      00023C 17 0B            [ 2]  384 	ldw	(0x0b, sp), y
      00023E FE               [ 2]  385 	ldw	x, (x)
      00023F 1F 09            [ 2]  386 	ldw	(0x09, sp), x
      000241 90 89            [ 2]  387 	pushw	y
      000243 1E 11            [ 2]  388 	ldw	x, (0x11, sp)
      000245 89               [ 2]  389 	pushw	x
      000246 1E 11            [ 2]  390 	ldw	x, (0x11, sp)
      000248 89               [ 2]  391 	pushw	x
      000249 1E 11            [ 2]  392 	ldw	x, (0x11, sp)
      00024B 89               [ 2]  393 	pushw	x
      00024C 1E 11            [ 2]  394 	ldw	x, (0x11, sp)
      00024E 89               [ 2]  395 	pushw	x
      00024F 8Ds00r00r00      [ 5]  396 	callf	___fsadd
      000253 5B 08            [ 2]  397 	addw	sp, #8
      000255 1F 11            [ 2]  398 	ldw	(0x11, sp), x
      000257 17 0F            [ 2]  399 	ldw	(0x0f, sp), y
      000259 90 85            [ 2]  400 	popw	y
      00025B 16 0B            [ 2]  401 	ldw	y, (0x0b, sp)
      00025D 90 89            [ 2]  402 	pushw	y
      00025F 16 0B            [ 2]  403 	ldw	y, (0x0b, sp)
      000261 90 89            [ 2]  404 	pushw	y
      000263 1E 13            [ 2]  405 	ldw	x, (0x13, sp)
      000265 89               [ 2]  406 	pushw	x
      000266 1E 13            [ 2]  407 	ldw	x, (0x13, sp)
      000268 89               [ 2]  408 	pushw	x
      000269 8Ds00r00r00      [ 5]  409 	callf	___fsadd
      00026D 5B 08            [ 2]  410 	addw	sp, #8
      00026F 1F 0F            [ 2]  411 	ldw	(0x0f, sp), x
      000271 17 0D            [ 2]  412 	ldw	(0x0d, sp), y
                                    413 ;	../asincosf.c: 93: if (x < 0.0)
      000273 0D 11            [ 1]  414 	tnz	(0x11, sp)
      000275 27 16            [ 1]  415 	jreq	00116$
                                    416 ;	../asincosf.c: 94: r = -r;
      000277 16 0F            [ 2]  417 	ldw	y, (0x0f, sp)
      000279 17 0A            [ 2]  418 	ldw	(0x0a, sp), y
      00027B 7B 0E            [ 1]  419 	ld	a, (0x0e, sp)
      00027D 6B 09            [ 1]  420 	ld	(0x09, sp), a
      00027F 7B 0D            [ 1]  421 	ld	a, (0x0d, sp)
      000281 A8 80            [ 1]  422 	xor	a, #0x80
      000283 6B 0D            [ 1]  423 	ld	(0x0d, sp), a
      000285 16 0A            [ 2]  424 	ldw	y, (0x0a, sp)
      000287 17 0F            [ 2]  425 	ldw	(0x0f, sp), y
      000289 7B 09            [ 1]  426 	ld	a, (0x09, sp)
      00028B 6B 0E            [ 1]  427 	ld	(0x0e, sp), a
      00028D                        428 00116$:
                                    429 ;	../asincosf.c: 96: return r;
      00028D 1E 0F            [ 2]  430 	ldw	x, (0x0f, sp)
      00028F 16 0D            [ 2]  431 	ldw	y, (0x0d, sp)
      000291                        432 00117$:
                                    433 ;	../asincosf.c: 97: }
      000291 5B 11            [ 2]  434 	addw	sp, #17
      000293 87               [ 5]  435 	retf
                                    436 	.area CODE
                                    437 	.area CONST
      000000                        438 _asincosf_a_65536_26:
      000000 00 00 00 00            439 	.byte #0x00, #0x00, #0x00, #0x00	;  0.000000e+00
      000004 3F 49 0F DB            440 	.byte #0x3f, #0x49, #0x0f, #0xdb	;  7.853982e-01
      000008                        441 _asincosf_b_65536_26:
      000008 3F C9 0F DB            442 	.byte #0x3f, #0xc9, #0x0f, #0xdb	;  1.570796e+00
      00000C 3F 49 0F DB            443 	.byte #0x3f, #0x49, #0x0f, #0xdb	;  7.853982e-01
                                    444 	.area INITIALIZER
                                    445 	.area CABS (ABS)
