                                      1 ;--------------------------------------------------------
                                      2 ; File Created by SDCC : free open source ANSI-C Compiler
                                      3 ; Version 3.9.3 #11345 (Linux)
                                      4 ;--------------------------------------------------------
                                      5 	.module c32rtomb
                                      6 	.optsdcc -mstm8
                                      7 	
                                      8 ;--------------------------------------------------------
                                      9 ; Public variables in this module
                                     10 ;--------------------------------------------------------
                                     11 	.globl _wctomb
                                     12 	.globl _c32rtomb
                                     13 ;--------------------------------------------------------
                                     14 ; ram data
                                     15 ;--------------------------------------------------------
                                     16 	.area DATA
                                     17 ;--------------------------------------------------------
                                     18 ; ram data
                                     19 ;--------------------------------------------------------
                                     20 	.area INITIALIZED
                                     21 ;--------------------------------------------------------
                                     22 ; absolute external ram data
                                     23 ;--------------------------------------------------------
                                     24 	.area DABS (ABS)
                                     25 
                                     26 ; default segment ordering for linker
                                     27 	.area HOME
                                     28 	.area GSINIT
                                     29 	.area GSFINAL
                                     30 	.area CONST
                                     31 	.area INITIALIZER
                                     32 	.area CODE
                                     33 
                                     34 ;--------------------------------------------------------
                                     35 ; global & static initialisations
                                     36 ;--------------------------------------------------------
                                     37 	.area HOME
                                     38 	.area GSINIT
                                     39 	.area GSFINAL
                                     40 	.area GSINIT
                                     41 ;--------------------------------------------------------
                                     42 ; Home
                                     43 ;--------------------------------------------------------
                                     44 	.area HOME
                                     45 	.area HOME
                                     46 ;--------------------------------------------------------
                                     47 ; code
                                     48 ;--------------------------------------------------------
                                     49 	.area CODE
                                     50 ;	../c32rtomb.c: 33: size_t c32rtomb(char *restrict s, char32_t c32, mbstate_t *restrict ps)
                                     51 ;	-----------------------------------------
                                     52 ;	 function c32rtomb
                                     53 ;	-----------------------------------------
      000000                         54 _c32rtomb:
                                     55 ;	../c32rtomb.c: 36: return(wctomb(s, c32));
      000000 1E 08            [ 2]   56 	ldw	x, (0x08, sp)
      000002 89               [ 2]   57 	pushw	x
      000003 1E 08            [ 2]   58 	ldw	x, (0x08, sp)
      000005 89               [ 2]   59 	pushw	x
      000006 1E 08            [ 2]   60 	ldw	x, (0x08, sp)
      000008 89               [ 2]   61 	pushw	x
      000009 8Ds00r00r00      [ 5]   62 	callf	_wctomb
      00000D 5B 06            [ 2]   63 	addw	sp, #6
                                     64 ;	../c32rtomb.c: 37: }
      00000F 87               [ 5]   65 	retf
                                     66 	.area CODE
                                     67 	.area CONST
                                     68 	.area INITIALIZER
                                     69 	.area CABS (ABS)
