                                      1 ;--------------------------------------------------------
                                      2 ; File Created by SDCC : free open source ANSI-C Compiler
                                      3 ; Version 3.9.3 #11345 (Linux)
                                      4 ;--------------------------------------------------------
                                      5 	.module coshf
                                      6 	.optsdcc -mstm8
                                      7 	
                                      8 ;--------------------------------------------------------
                                      9 ; Public variables in this module
                                     10 ;--------------------------------------------------------
                                     11 	.globl _sincoshf
                                     12 	.globl _coshf
                                     13 ;--------------------------------------------------------
                                     14 ; ram data
                                     15 ;--------------------------------------------------------
                                     16 	.area DATA
                                     17 ;--------------------------------------------------------
                                     18 ; ram data
                                     19 ;--------------------------------------------------------
                                     20 	.area INITIALIZED
                                     21 ;--------------------------------------------------------
                                     22 ; absolute external ram data
                                     23 ;--------------------------------------------------------
                                     24 	.area DABS (ABS)
                                     25 
                                     26 ; default segment ordering for linker
                                     27 	.area HOME
                                     28 	.area GSINIT
                                     29 	.area GSFINAL
                                     30 	.area CONST
                                     31 	.area INITIALIZER
                                     32 	.area CODE
                                     33 
                                     34 ;--------------------------------------------------------
                                     35 ; global & static initialisations
                                     36 ;--------------------------------------------------------
                                     37 	.area HOME
                                     38 	.area GSINIT
                                     39 	.area GSFINAL
                                     40 	.area GSINIT
                                     41 ;--------------------------------------------------------
                                     42 ; Home
                                     43 ;--------------------------------------------------------
                                     44 	.area HOME
                                     45 	.area HOME
                                     46 ;--------------------------------------------------------
                                     47 ; code
                                     48 ;--------------------------------------------------------
                                     49 	.area CODE
                                     50 ;	../coshf.c: 36: float coshf(float x) _FLOAT_FUNC_REENTRANT
                                     51 ;	-----------------------------------------
                                     52 ;	 function coshf
                                     53 ;	-----------------------------------------
      000000                         54 _coshf:
                                     55 ;	../coshf.c: 38: return sincoshf(x, 1);
      000000 4B 01            [ 1]   56 	push	#0x01
      000002 1E 07            [ 2]   57 	ldw	x, (0x07, sp)
      000004 89               [ 2]   58 	pushw	x
      000005 1E 07            [ 2]   59 	ldw	x, (0x07, sp)
      000007 89               [ 2]   60 	pushw	x
      000008 8Ds00r00r00      [ 5]   61 	callf	_sincoshf
      00000C 5B 05            [ 2]   62 	addw	sp, #5
                                     63 ;	../coshf.c: 39: }
      00000E 87               [ 5]   64 	retf
                                     65 	.area CODE
                                     66 	.area CONST
                                     67 	.area INITIALIZER
                                     68 	.area CABS (ABS)
