                                      1 ;--------------------------------------------------------
                                      2 ; File Created by SDCC : free open source ANSI-C Compiler
                                      3 ; Version 3.9.3 #11345 (Linux)
                                      4 ;--------------------------------------------------------
                                      5 	.module isxdigit
                                      6 	.optsdcc -mstm8
                                      7 	
                                      8 ;--------------------------------------------------------
                                      9 ; Public variables in this module
                                     10 ;--------------------------------------------------------
                                     11 	.globl _isxdigit
                                     12 ;--------------------------------------------------------
                                     13 ; ram data
                                     14 ;--------------------------------------------------------
                                     15 	.area DATA
                                     16 ;--------------------------------------------------------
                                     17 ; ram data
                                     18 ;--------------------------------------------------------
                                     19 	.area INITIALIZED
                                     20 ;--------------------------------------------------------
                                     21 ; absolute external ram data
                                     22 ;--------------------------------------------------------
                                     23 	.area DABS (ABS)
                                     24 
                                     25 ; default segment ordering for linker
                                     26 	.area HOME
                                     27 	.area GSINIT
                                     28 	.area GSFINAL
                                     29 	.area CONST
                                     30 	.area INITIALIZER
                                     31 	.area CODE
                                     32 
                                     33 ;--------------------------------------------------------
                                     34 ; global & static initialisations
                                     35 ;--------------------------------------------------------
                                     36 	.area HOME
                                     37 	.area GSINIT
                                     38 	.area GSFINAL
                                     39 	.area GSINIT
                                     40 ;--------------------------------------------------------
                                     41 ; Home
                                     42 ;--------------------------------------------------------
                                     43 	.area HOME
                                     44 	.area HOME
                                     45 ;--------------------------------------------------------
                                     46 ; code
                                     47 ;--------------------------------------------------------
                                     48 	.area CODE
                                     49 ;	../isxdigit.c: 33: int isxdigit (int c)
                                     50 ;	-----------------------------------------
                                     51 ;	 function isxdigit
                                     52 ;	-----------------------------------------
      000000                         53 _isxdigit:
                                     54 ;	../isxdigit.c: 35: return (c >= '0' && c <= '9' || c >= 'a' && c <= 'f' || c >= 'A' && c <= 'F');
      000000 1E 04            [ 2]   55 	ldw	x, (0x04, sp)
      000002 A3 00 30         [ 2]   56 	cpw	x, #0x0030
      000005 2F 05            [ 1]   57 	jrslt	00111$
      000007 A3 00 39         [ 2]   58 	cpw	x, #0x0039
      00000A 2D 1A            [ 1]   59 	jrsle	00104$
      00000C                         60 00111$:
      00000C 1E 04            [ 2]   61 	ldw	x, (0x04, sp)
      00000E A3 00 61         [ 2]   62 	cpw	x, #0x0061
      000011 2F 05            [ 1]   63 	jrslt	00108$
      000013 A3 00 66         [ 2]   64 	cpw	x, #0x0066
      000016 2D 0E            [ 1]   65 	jrsle	00104$
      000018                         66 00108$:
      000018 1E 04            [ 2]   67 	ldw	x, (0x04, sp)
      00001A A3 00 41         [ 2]   68 	cpw	x, #0x0041
      00001D 2F 05            [ 1]   69 	jrslt	00103$
      00001F A3 00 46         [ 2]   70 	cpw	x, #0x0046
      000022 2D 02            [ 1]   71 	jrsle	00104$
      000024                         72 00103$:
      000024 4F               [ 1]   73 	clr	a
      000025 C5                      74 	.byte 0xc5
      000026                         75 00104$:
      000026 A6 01            [ 1]   76 	ld	a, #0x01
      000028                         77 00105$:
      000028 5F               [ 1]   78 	clrw	x
      000029 97               [ 1]   79 	ld	xl, a
                                     80 ;	../isxdigit.c: 36: }
      00002A 87               [ 5]   81 	retf
                                     82 	.area CODE
                                     83 	.area CONST
                                     84 	.area INITIALIZER
                                     85 	.area CABS (ABS)
