                                      1 ;--------------------------------------------------------
                                      2 ; File Created by SDCC : free open source ANSI-C Compiler
                                      3 ; Version 3.9.3 #11345 (Linux)
                                      4 ;--------------------------------------------------------
                                      5 	.module isalnum
                                      6 	.optsdcc -mstm8
                                      7 	
                                      8 ;--------------------------------------------------------
                                      9 ; Public variables in this module
                                     10 ;--------------------------------------------------------
                                     11 	.globl _isalpha
                                     12 	.globl _isalnum
                                     13 ;--------------------------------------------------------
                                     14 ; ram data
                                     15 ;--------------------------------------------------------
                                     16 	.area DATA
                                     17 ;--------------------------------------------------------
                                     18 ; ram data
                                     19 ;--------------------------------------------------------
                                     20 	.area INITIALIZED
                                     21 ;--------------------------------------------------------
                                     22 ; absolute external ram data
                                     23 ;--------------------------------------------------------
                                     24 	.area DABS (ABS)
                                     25 
                                     26 ; default segment ordering for linker
                                     27 	.area HOME
                                     28 	.area GSINIT
                                     29 	.area GSFINAL
                                     30 	.area CONST
                                     31 	.area INITIALIZER
                                     32 	.area CODE
                                     33 
                                     34 ;--------------------------------------------------------
                                     35 ; global & static initialisations
                                     36 ;--------------------------------------------------------
                                     37 	.area HOME
                                     38 	.area GSINIT
                                     39 	.area GSFINAL
                                     40 	.area GSINIT
                                     41 ;--------------------------------------------------------
                                     42 ; Home
                                     43 ;--------------------------------------------------------
                                     44 	.area HOME
                                     45 	.area HOME
                                     46 ;--------------------------------------------------------
                                     47 ; code
                                     48 ;--------------------------------------------------------
                                     49 	.area CODE
                                     50 ;	../isalnum.c: 37: int isalnum (int c)
                                     51 ;	-----------------------------------------
                                     52 ;	 function isalnum
                                     53 ;	-----------------------------------------
      000000                         54 _isalnum:
                                     55 ;	../isalnum.c: 39: return (isalpha (c) || isdigit (c));
      000000 1E 03            [ 2]   56 	ldw	x, (0x03, sp)
      000002 89               [ 2]   57 	pushw	x
      000003 CDr00r00         [ 4]   58 	call	_isalpha
      000006 5B 02            [ 2]   59 	addw	sp, #2
      000008 5D               [ 2]   60 	tnzw	x
      000009 26 0D            [ 1]   61 	jrne	00105$
      00000B 1E 03            [ 2]   62 	ldw	x, (0x03, sp)
                                     63 ;	./../../include/ctype.h: 62: return ((unsigned char)c >= '0' && (unsigned char)c <= '9');
      00000D 9F               [ 1]   64 	ld	a, xl
      00000E A1 30            [ 1]   65 	cp	a, #0x30
      000010 25 04            [ 1]   66 	jrc	00109$
      000012 A1 39            [ 1]   67 	cp	a, #0x39
      000014 23 02            [ 2]   68 	jrule	00105$
      000016                         69 00109$:
                                     70 ;	../isalnum.c: 39: return (isalpha (c) || isdigit (c));
      000016 4F               [ 1]   71 	clr	a
      000017 C5                      72 	.byte 0xc5
      000018                         73 00105$:
      000018 A6 01            [ 1]   74 	ld	a, #0x01
      00001A                         75 00106$:
      00001A 5F               [ 1]   76 	clrw	x
      00001B 97               [ 1]   77 	ld	xl, a
                                     78 ;	../isalnum.c: 40: }
      00001C 81               [ 4]   79 	ret
                                     80 	.area CODE
                                     81 	.area CONST
                                     82 	.area INITIALIZER
                                     83 	.area CABS (ABS)
