                                      1 ;--------------------------------------------------------
                                      2 ; File Created by SDCC : free open source ANSI-C Compiler
                                      3 ; Version 3.9.3 #11345 (Linux)
                                      4 ;--------------------------------------------------------
                                      5 	.module log10f
                                      6 	.optsdcc -mstm8
                                      7 	
                                      8 ;--------------------------------------------------------
                                      9 ; Public variables in this module
                                     10 ;--------------------------------------------------------
                                     11 	.globl _logf
                                     12 	.globl _log10f
                                     13 ;--------------------------------------------------------
                                     14 ; ram data
                                     15 ;--------------------------------------------------------
                                     16 	.area DATA
                                     17 ;--------------------------------------------------------
                                     18 ; ram data
                                     19 ;--------------------------------------------------------
                                     20 	.area INITIALIZED
                                     21 ;--------------------------------------------------------
                                     22 ; absolute external ram data
                                     23 ;--------------------------------------------------------
                                     24 	.area DABS (ABS)
                                     25 
                                     26 ; default segment ordering for linker
                                     27 	.area HOME
                                     28 	.area GSINIT
                                     29 	.area GSFINAL
                                     30 	.area CONST
                                     31 	.area INITIALIZER
                                     32 	.area CODE
                                     33 
                                     34 ;--------------------------------------------------------
                                     35 ; global & static initialisations
                                     36 ;--------------------------------------------------------
                                     37 	.area HOME
                                     38 	.area GSINIT
                                     39 	.area GSFINAL
                                     40 	.area GSINIT
                                     41 ;--------------------------------------------------------
                                     42 ; Home
                                     43 ;--------------------------------------------------------
                                     44 	.area HOME
                                     45 	.area HOME
                                     46 ;--------------------------------------------------------
                                     47 ; code
                                     48 ;--------------------------------------------------------
                                     49 	.area CODE
                                     50 ;	../log10f.c: 34: float log10f(float x) _FLOAT_FUNC_REENTRANT
                                     51 ;	-----------------------------------------
                                     52 ;	 function log10f
                                     53 ;	-----------------------------------------
      000000                         54 _log10f:
                                     55 ;	../log10f.c: 36: return logf(x)*0.4342944819;
      000000 1E 05            [ 2]   56 	ldw	x, (0x05, sp)
      000002 89               [ 2]   57 	pushw	x
      000003 1E 05            [ 2]   58 	ldw	x, (0x05, sp)
      000005 89               [ 2]   59 	pushw	x
      000006 CDr00r00         [ 4]   60 	call	_logf
      000009 5B 04            [ 2]   61 	addw	sp, #4
      00000B 89               [ 2]   62 	pushw	x
      00000C 90 89            [ 2]   63 	pushw	y
      00000E 4B D9            [ 1]   64 	push	#0xd9
      000010 4B 5B            [ 1]   65 	push	#0x5b
      000012 4B DE            [ 1]   66 	push	#0xde
      000014 4B 3E            [ 1]   67 	push	#0x3e
      000016 CDr00r00         [ 4]   68 	call	___fsmul
      000019 5B 08            [ 2]   69 	addw	sp, #8
                                     70 ;	../log10f.c: 37: }
      00001B 81               [ 4]   71 	ret
                                     72 	.area CODE
                                     73 	.area CONST
                                     74 	.area INITIALIZER
                                     75 	.area CABS (ABS)
