                                      1 ;--------------------------------------------------------
                                      2 ; File Created by SDCC : free open source ANSI-C Compiler
                                      3 ; Version 3.9.3 #11345 (Linux)
                                      4 ;--------------------------------------------------------
                                      5 	.module mbrlen
                                      6 	.optsdcc -mstm8
                                      7 	
                                      8 ;--------------------------------------------------------
                                      9 ; Public variables in this module
                                     10 ;--------------------------------------------------------
                                     11 	.globl _mbrtowc
                                     12 	.globl _mbrlen
                                     13 ;--------------------------------------------------------
                                     14 ; ram data
                                     15 ;--------------------------------------------------------
                                     16 	.area DATA
      000000                         17 _mbrlen_sps_65536_10:
      000000                         18 	.ds 3
                                     19 ;--------------------------------------------------------
                                     20 ; ram data
                                     21 ;--------------------------------------------------------
                                     22 	.area INITIALIZED
                                     23 ;--------------------------------------------------------
                                     24 ; absolute external ram data
                                     25 ;--------------------------------------------------------
                                     26 	.area DABS (ABS)
                                     27 
                                     28 ; default segment ordering for linker
                                     29 	.area HOME
                                     30 	.area GSINIT
                                     31 	.area GSFINAL
                                     32 	.area CONST
                                     33 	.area INITIALIZER
                                     34 	.area CODE
                                     35 
                                     36 ;--------------------------------------------------------
                                     37 ; global & static initialisations
                                     38 ;--------------------------------------------------------
                                     39 	.area HOME
                                     40 	.area GSINIT
                                     41 	.area GSFINAL
                                     42 	.area GSINIT
                                     43 ;--------------------------------------------------------
                                     44 ; Home
                                     45 ;--------------------------------------------------------
                                     46 	.area HOME
                                     47 	.area HOME
                                     48 ;--------------------------------------------------------
                                     49 ; code
                                     50 ;--------------------------------------------------------
                                     51 	.area CODE
                                     52 ;	../mbrlen.c: 31: size_t mbrlen(const char *restrict s, size_t n, mbstate_t *restrict ps)
                                     53 ;	-----------------------------------------
                                     54 ;	 function mbrlen
                                     55 ;	-----------------------------------------
      000000                         56 _mbrlen:
                                     57 ;	../mbrlen.c: 35: return(mbrtowc(0, s, n, ps ? ps : &sps));
      000000 1E 07            [ 2]   58 	ldw	x, (0x07, sp)
      000002 26 03            [ 1]   59 	jrne	00104$
      000004 AEr00r00         [ 2]   60 	ldw	x, #(_mbrlen_sps_65536_10 + 0)
      000007                         61 00104$:
      000007 89               [ 2]   62 	pushw	x
      000008 1E 07            [ 2]   63 	ldw	x, (0x07, sp)
      00000A 89               [ 2]   64 	pushw	x
      00000B 1E 07            [ 2]   65 	ldw	x, (0x07, sp)
      00000D 89               [ 2]   66 	pushw	x
      00000E 5F               [ 1]   67 	clrw	x
      00000F 89               [ 2]   68 	pushw	x
      000010 CDr00r00         [ 4]   69 	call	_mbrtowc
      000013 5B 08            [ 2]   70 	addw	sp, #8
                                     71 ;	../mbrlen.c: 36: }
      000015 81               [ 4]   72 	ret
                                     73 	.area CODE
                                     74 	.area CONST
                                     75 	.area INITIALIZER
                                     76 	.area CABS (ABS)
